// Jest Snapshot v1, https://goo.gl/fbAQLP

exports[`<App /> renders 1`] = `
<app
  className="app"
>
  <HelmetWrapper
    encodeSpecialCharacters={true}
  >
    <title>
      Yrgo
    </title>
  </HelmetWrapper>
  <withRouter(Header) />
  <main
    className="undefined container-fluid"
  />
</app>
`;
